// Jest Snapshot v1, https://goo.gl/fbAQLP

exports[`MonthlySchedule Component should render correctly 1`] = `
<div
  className="page-container"
>
  <h1>
    undefined - Monthly Calendar
  </h1>
  <div
    className="calendar_container"
  >
    <div
      className="calendar__month_header_container"
    >
      <button
        className="calendar__header-button"
        disabled={false}
        onClick={[Function]}
      >
        &lt;
      </button>
      <div
        className="calendar__month-header__date"
      >
        April 2021
      </div>
      <button
        className="calendar__header-button"
        disabled={false}
        onClick={[Function]}
      >
        &gt;
      </button>
    </div>
    <div
      className="calendar_grid_container"
    >
      <div
        className="calendar-days-of-week"
      >
        <div
          className="calendar-day-of-week"
        >
          Sun
        </div>
        <div
          className="calendar-day-of-week"
        >
          Mon
        </div>
        <div
          className="calendar-day-of-week"
        >
          Tue
        </div>
        <div
          className="calendar-day-of-week"
        >
          Wed
        </div>
        <div
          className="calendar-day-of-week"
        >
          Thu
        </div>
        <div
          className="calendar-day-of-week"
        >
          Fri
        </div>
        <div
          className="calendar-day-of-week"
        >
          Sat
        </div>
      </div>
      <div
        className="calendar__week_container"
      >
        <div
          className="calendar__day_container sunday "
          onClick={[Function]}
        >
          <span
            style={
              Object {
                "font": "bold",
                "fontSize": "20px",
              }
            }
          >
            28
          </span>
          <div />
        </div>
        <div
          className="calendar__day_container  "
          onClick={[Function]}
        >
          <span
            style={
              Object {
                "font": "bold",
                "fontSize": "20px",
              }
            }
          >
            29
          </span>
          <div />
        </div>
        <div
          className="calendar__day_container  "
          onClick={[Function]}
        >
          <span
            style={
              Object {
                "font": "bold",
                "fontSize": "20px",
              }
            }
          >
            30
          </span>
          <div />
        </div>
        <div
          className="calendar__day_container  "
          onClick={[Function]}
        >
          <span
            style={
              Object {
                "font": "bold",
                "fontSize": "20px",
              }
            }
          >
            31
          </span>
          <div />
        </div>
        <div
          className="calendar__day_container  "
          onClick={[Function]}
        >
          <span
            style={
              Object {
                "font": "bold",
                "fontSize": "20px",
              }
            }
          >
            1
          </span>
          <div />
        </div>
        <div
          className="calendar__day_container  "
          onClick={[Function]}
        >
          <span
            style={
              Object {
                "font": "bold",
                "fontSize": "20px",
              }
            }
          >
            2
          </span>
          <div />
        </div>
        <div
          className="calendar__day_container  saturday"
          onClick={[Function]}
        >
          <span
            style={
              Object {
                "font": "bold",
                "fontSize": "20px",
              }
            }
          >
            3
          </span>
          <div />
        </div>
      </div>
      <div
        className="calendar__week_container"
      >
        <div
          className="calendar__day_container sunday "
          onClick={[Function]}
        >
          <span
            style={
              Object {
                "font": "bold",
                "fontSize": "20px",
              }
            }
          >
            4
          </span>
          <div />
        </div>
        <div
          className="calendar__day_container  "
          onClick={[Function]}
        >
          <span
            style={
              Object {
                "font": "bold",
                "fontSize": "20px",
              }
            }
          >
            5
          </span>
          <div />
        </div>
        <div
          className="calendar__day_container  "
          onClick={[Function]}
        >
          <span
            style={
              Object {
                "font": "bold",
                "fontSize": "20px",
              }
            }
          >
            6
          </span>
          <div />
        </div>
        <div
          className="calendar__day_container  "
          onClick={[Function]}
        >
          <span
            style={
              Object {
                "font": "bold",
                "fontSize": "20px",
              }
            }
          >
            7
          </span>
          <div />
        </div>
        <div
          className="calendar__day_container  "
          onClick={[Function]}
        >
          <span
            style={
              Object {
                "font": "bold",
                "fontSize": "20px",
              }
            }
          >
            8
          </span>
          <div />
        </div>
        <div
          className="calendar__day_container  "
          onClick={[Function]}
        >
          <span
            style={
              Object {
                "font": "bold",
                "fontSize": "20px",
              }
            }
          >
            9
          </span>
          <div />
        </div>
        <div
          className="calendar__day_container  saturday"
          onClick={[Function]}
        >
          <span
            style={
              Object {
                "font": "bold",
                "fontSize": "20px",
              }
            }
          >
            10
          </span>
          <div />
        </div>
      </div>
      <div
        className="calendar__week_container"
      >
        <div
          className="calendar__day_container sunday "
          onClick={[Function]}
        >
          <span
            style={
              Object {
                "font": "bold",
                "fontSize": "20px",
              }
            }
          >
            11
          </span>
          <div />
        </div>
        <div
          className="calendar__day_container  "
          onClick={[Function]}
        >
          <span
            style={
              Object {
                "font": "bold",
                "fontSize": "20px",
              }
            }
          >
            12
          </span>
          <div />
        </div>
        <div
          className="calendar__day_container  "
          onClick={[Function]}
        >
          <span
            style={
              Object {
                "font": "bold",
                "fontSize": "20px",
              }
            }
          >
            13
          </span>
          <div />
        </div>
        <div
          className="calendar__day_container  "
          onClick={[Function]}
        >
          <span
            style={
              Object {
                "font": "bold",
                "fontSize": "20px",
              }
            }
          >
            14
          </span>
          <div />
        </div>
        <div
          className="calendar__day_container  "
          onClick={[Function]}
        >
          <span
            style={
              Object {
                "font": "bold",
                "fontSize": "20px",
              }
            }
          >
            15
          </span>
          <div />
        </div>
        <div
          className="calendar__day_container  "
          onClick={[Function]}
        >
          <span
            style={
              Object {
                "font": "bold",
                "fontSize": "20px",
              }
            }
          >
            16
          </span>
          <div />
        </div>
        <div
          className="calendar__day_container  saturday"
          onClick={[Function]}
        >
          <span
            style={
              Object {
                "font": "bold",
                "fontSize": "20px",
              }
            }
          >
            17
          </span>
          <div />
        </div>
      </div>
      <div
        className="calendar__week_container"
      >
        <div
          className="calendar__day_container sunday "
          onClick={[Function]}
        >
          <span
            style={
              Object {
                "font": "bold",
                "fontSize": "20px",
              }
            }
          >
            18
          </span>
          <div />
        </div>
        <div
          className="calendar__day_container  "
          onClick={[Function]}
        >
          <span
            style={
              Object {
                "font": "bold",
                "fontSize": "20px",
              }
            }
          >
            19
          </span>
          <div />
        </div>
        <div
          className="calendar__day_container  "
          onClick={[Function]}
        >
          <span
            style={
              Object {
                "font": "bold",
                "fontSize": "20px",
              }
            }
          >
            20
          </span>
          <div />
        </div>
        <div
          className="calendar__day_container  "
          onClick={[Function]}
        >
          <span
            style={
              Object {
                "font": "bold",
                "fontSize": "20px",
              }
            }
          >
            21
          </span>
          <div />
        </div>
        <div
          className="calendar__day_container  "
          onClick={[Function]}
        >
          <span
            style={
              Object {
                "font": "bold",
                "fontSize": "20px",
              }
            }
          >
            22
          </span>
          <div />
        </div>
        <div
          className="calendar__day_container  "
          onClick={[Function]}
        >
          <span
            style={
              Object {
                "font": "bold",
                "fontSize": "20px",
              }
            }
          >
            23
          </span>
          <div />
        </div>
        <div
          className="calendar__day_container  saturday"
          onClick={[Function]}
        >
          <span
            style={
              Object {
                "font": "bold",
                "fontSize": "20px",
              }
            }
          >
            24
          </span>
          <div />
        </div>
      </div>
      <div
        className="calendar__week_container"
      >
        <div
          className="calendar__day_container sunday "
          onClick={[Function]}
        >
          <span
            style={
              Object {
                "font": "bold",
                "fontSize": "20px",
              }
            }
          >
            25
          </span>
          <div />
        </div>
        <div
          className="calendar__day_container  "
          onClick={[Function]}
        >
          <span
            style={
              Object {
                "font": "bold",
                "fontSize": "20px",
              }
            }
          >
            26
          </span>
          <div />
        </div>
        <div
          className="calendar__day_container  "
          onClick={[Function]}
        >
          <span
            style={
              Object {
                "font": "bold",
                "fontSize": "20px",
              }
            }
          >
            27
          </span>
          <div />
        </div>
        <div
          className="calendar__day_container  "
          onClick={[Function]}
        >
          <span
            style={
              Object {
                "font": "bold",
                "fontSize": "20px",
              }
            }
          >
            28
          </span>
          <div />
        </div>
        <div
          className="calendar__day_container  "
          onClick={[Function]}
        >
          <span
            style={
              Object {
                "font": "bold",
                "fontSize": "20px",
              }
            }
          >
            29
          </span>
          <div />
        </div>
        <div
          className="calendar__day_container  "
          onClick={[Function]}
        >
          <span
            style={
              Object {
                "font": "bold",
                "fontSize": "20px",
              }
            }
          >
            30
          </span>
          <div />
        </div>
        <div
          className="calendar__day_container  saturday"
          onClick={[Function]}
        >
          <span
            style={
              Object {
                "font": "bold",
                "fontSize": "20px",
              }
            }
          >
            1
          </span>
          <div />
        </div>
      </div>
    </div>
  </div>
</div>
`;
